2026-02-14T08:40:14.123+06:00  INFO 12880 --- [SFMS - Sustainable Farming Management System] [restartedMain] com.JavaFest2024.xyz.XyzApplication      : Starting XyzApplication using Java 17.0.18 with PID 12880 (E:\Sustainable-Farming-Management-System-SFMS-by-Spring-boot-\target\classes started by User in E:\Sustainable-Farming-Management-System-SFMS-by-Spring-boot-)
2026-02-14T08:40:14.133+06:00 DEBUG 12880 --- [SFMS - Sustainable Farming Management System] [restartedMain] com.JavaFest2024.xyz.XyzApplication      : Running with Spring Boot v3.3.1, Spring v6.1.10
2026-02-14T08:40:14.137+06:00  INFO 12880 --- [SFMS - Sustainable Farming Management System] [restartedMain] com.JavaFest2024.xyz.XyzApplication      : No active profile set, falling back to 1 default profile: "default"
2026-02-14T08:40:14.289+06:00  INFO 12880 --- [SFMS - Sustainable Farming Management System] [restartedMain] .e.DevToolsPropertyDefaultsPostProcessor : Devtools property defaults active! Set 'spring.devtools.add-properties' to 'false' to disable
2026-02-14T08:40:14.289+06:00  INFO 12880 --- [SFMS - Sustainable Farming Management System] [restartedMain] .e.DevToolsPropertyDefaultsPostProcessor : For additional web related logging consider setting the 'logging.level.web' property to 'DEBUG'
2026-02-14T08:40:19.563+06:00  INFO 12880 --- [SFMS - Sustainable Farming Management System] [restartedMain] .s.d.r.c.RepositoryConfigurationDelegate : Bootstrapping Spring Data JPA repositories in DEFAULT mode.
2026-02-14T08:40:19.878+06:00  INFO 12880 --- [SFMS - Sustainable Farming Management System] [restartedMain] .s.d.r.c.RepositoryConfigurationDelegate : Finished Spring Data repository scanning in 286 ms. Found 8 JPA repository interfaces.
2026-02-14T08:40:22.241+06:00  INFO 12880 --- [SFMS - Sustainable Farming Management System] [restartedMain] o.s.b.w.embedded.tomcat.TomcatWebServer  : Tomcat initialized with port 8080 (http)
2026-02-14T08:40:22.270+06:00  INFO 12880 --- [SFMS - Sustainable Farming Management System] [restartedMain] o.apache.catalina.core.StandardService   : Starting service [Tomcat]
2026-02-14T08:40:22.270+06:00  INFO 12880 --- [SFMS - Sustainable Farming Management System] [restartedMain] o.apache.catalina.core.StandardEngine    : Starting Servlet engine: [Apache Tomcat/10.1.25]
2026-02-14T08:40:22.412+06:00  INFO 12880 --- [SFMS - Sustainable Farming Management System] [restartedMain] o.a.c.c.C.[Tomcat].[localhost].[/]       : Initializing Spring embedded WebApplicationContext
2026-02-14T08:40:22.412+06:00  INFO 12880 --- [SFMS - Sustainable Farming Management System] [restartedMain] w.s.c.ServletWebServerApplicationContext : Root WebApplicationContext: initialization completed in 8121 ms
2026-02-14T08:40:22.934+06:00 DEBUG 12880 --- [SFMS - Sustainable Farming Management System] [restartedMain] o.s.w.f.ServerHttpObservationFilter      : Filter 'webMvcObservationFilter' configured for use
2026-02-14T08:40:23.287+06:00  INFO 12880 --- [SFMS - Sustainable Farming Management System] [restartedMain] o.hibernate.jpa.internal.util.LogHelper  : HHH000204: Processing PersistenceUnitInfo [name: default]
2026-02-14T08:40:23.489+06:00  INFO 12880 --- [SFMS - Sustainable Farming Management System] [restartedMain] org.hibernate.Version                    : HHH000412: Hibernate ORM core version 6.5.2.Final
2026-02-14T08:40:23.600+06:00  INFO 12880 --- [SFMS - Sustainable Farming Management System] [restartedMain] o.h.c.internal.RegionFactoryInitiator    : HHH000026: Second-level cache disabled
2026-02-14T08:40:24.523+06:00  INFO 12880 --- [SFMS - Sustainable Farming Management System] [restartedMain] o.s.o.j.p.SpringPersistenceUnitInfo      : No LoadTimeWeaver setup: ignoring JPA class transformer
2026-02-14T08:40:24.608+06:00  INFO 12880 --- [SFMS - Sustainable Farming Management System] [restartedMain] com.zaxxer.hikari.HikariDataSource       : HikariPool-1 - Starting...
2026-02-14T08:40:25.238+06:00  INFO 12880 --- [SFMS - Sustainable Farming Management System] [restartedMain] com.zaxxer.hikari.pool.HikariPool        : HikariPool-1 - Added connection org.postgresql.jdbc.PgConnection@3c45b2f9
2026-02-14T08:40:25.244+06:00  INFO 12880 --- [SFMS - Sustainable Farming Management System] [restartedMain] com.zaxxer.hikari.HikariDataSource       : HikariPool-1 - Start completed.
2026-02-14T08:40:25.403+06:00  WARN 12880 --- [SFMS - Sustainable Farming Management System] [restartedMain] org.hibernate.orm.deprecation            : HHH90000025: PostgreSQLDialect does not need to be specified explicitly using 'hibernate.dialect' (remove the property setting and it will be selected by default)
2026-02-14T08:40:28.455+06:00  INFO 12880 --- [SFMS - Sustainable Farming Management System] [restartedMain] o.h.e.t.j.p.i.JtaPlatformInitiator       : HHH000489: No JTA platform available (set 'hibernate.transaction.jta.platform' to enable JTA platform integration)
2026-02-14T08:40:28.709+06:00 DEBUG 12880 --- [SFMS - Sustainable Farming Management System] [restartedMain] org.hibernate.SQL                        : 
    alter table if exists expert_consultants 
       alter column profile_image set data type BYTEA
2026-02-14T08:40:28.736+06:00 DEBUG 12880 --- [SFMS - Sustainable Farming Management System] [restartedMain] org.hibernate.SQL                        : 
    alter table if exists plants 
       alter column crop_details set data type TEXT
2026-02-14T08:40:28.741+06:00 DEBUG 12880 --- [SFMS - Sustainable Farming Management System] [restartedMain] org.hibernate.SQL                        : 
    alter table if exists plants 
       alter column fertilizer_application set data type TEXT
2026-02-14T08:40:28.742+06:00 DEBUG 12880 --- [SFMS - Sustainable Farming Management System] [restartedMain] org.hibernate.SQL                        : 
    alter table if exists plants 
       alter column harvesting set data type TEXT
2026-02-14T08:40:28.742+06:00 DEBUG 12880 --- [SFMS - Sustainable Farming Management System] [restartedMain] org.hibernate.SQL                        : 
    alter table if exists plants 
       alter column image_url set data type TEXT
2026-02-14T08:40:28.742+06:00 DEBUG 12880 --- [SFMS - Sustainable Farming Management System] [restartedMain] org.hibernate.SQL                        : 
    alter table if exists plants 
       alter column irrigation_tips set data type TEXT
2026-02-14T08:40:28.742+06:00 DEBUG 12880 --- [SFMS - Sustainable Farming Management System] [restartedMain] org.hibernate.SQL                        : 
    alter table if exists plants 
       alter column l_comments set data type TEXT
2026-02-14T08:40:28.748+06:00 DEBUG 12880 --- [SFMS - Sustainable Farming Management System] [restartedMain] org.hibernate.SQL                        : 
    alter table if exists plants 
       alter column pest_management set data type TEXT
2026-02-14T08:40:28.748+06:00 DEBUG 12880 --- [SFMS - Sustainable Farming Management System] [restartedMain] org.hibernate.SQL                        : 
    alter table if exists plants 
       alter column u_comments set data type TEXT
2026-02-14T08:40:28.748+06:00 DEBUG 12880 --- [SFMS - Sustainable Farming Management System] [restartedMain] org.hibernate.SQL                        : 
    alter table if exists tree_profiles 
       alter column tree_image_base64 set data type TEXT
2026-02-14T08:40:28.874+06:00  INFO 12880 --- [SFMS - Sustainable Farming Management System] [restartedMain] j.LocalContainerEntityManagerFactoryBean : Initialized JPA EntityManagerFactory for persistence unit 'default'
2026-02-14T08:40:30.457+06:00  INFO 12880 --- [SFMS - Sustainable Farming Management System] [restartedMain] o.s.d.j.r.query.QueryEnhancerFactory     : Hibernate is in classpath; If applicable, HQL parser will be used.
2026-02-14T08:40:31.797+06:00  WARN 12880 --- [SFMS - Sustainable Farming Management System] [restartedMain] JpaBaseConfiguration$JpaWebConfiguration : spring.jpa.open-in-view is enabled by default. Therefore, database queries may be performed during view rendering. Explicitly configure spring.jpa.open-in-view to disable this warning
2026-02-14T08:40:31.896+06:00 DEBUG 12880 --- [SFMS - Sustainable Farming Management System] [restartedMain] swordEncoderAuthenticationManagerBuilder : No authenticationProviders and no parentAuthenticationManager defined. Returning null.
2026-02-14T08:40:32.376+06:00 DEBUG 12880 --- [SFMS - Sustainable Farming Management System] [restartedMain] s.w.s.m.m.a.RequestMappingHandlerMapping : 98 mappings in 'requestMappingHandlerMapping'
2026-02-14T08:40:32.408+06:00 DEBUG 12880 --- [SFMS - Sustainable Farming Management System] [restartedMain] o.s.w.s.handler.SimpleUrlHandlerMapping  : Patterns [/user/Profile] in 'viewControllerHandlerMapping'
2026-02-14T08:40:32.509+06:00 DEBUG 12880 --- [SFMS - Sustainable Farming Management System] [restartedMain] o.s.w.s.handler.SimpleUrlHandlerMapping  : Patterns [/webjars/**, /**] in 'resourceHandlerMapping'
2026-02-14T08:40:33.001+06:00  INFO 12880 --- [SFMS - Sustainable Farming Management System] [restartedMain] o.s.b.a.e.web.EndpointLinksResolver      : Exposing 3 endpoints beneath base path '/actuator'
2026-02-14T08:40:33.277+06:00 DEBUG 12880 --- [SFMS - Sustainable Farming Management System] [restartedMain] o.s.s.web.DefaultSecurityFilterChain     : Will secure any request with filters: DisableEncodeUrlFilter, WebAsyncManagerIntegrationFilter, SecurityContextHolderFilter, HeaderWriterFilter, CorsFilter, LogoutFilter, OAuth2AuthorizationRequestRedirectFilter, OAuth2LoginAuthenticationFilter, RequestCacheAwareFilter, SecurityContextHolderAwareRequestFilter, AnonymousAuthenticationFilter, ExceptionTranslationFilter, AuthorizationFilter
2026-02-14T08:40:33.582+06:00 DEBUG 12880 --- [SFMS - Sustainable Farming Management System] [restartedMain] s.w.s.m.m.a.RequestMappingHandlerAdapter : ControllerAdvice beans: 0 @ModelAttribute, 0 @InitBinder, 1 RequestBodyAdvice, 1 ResponseBodyAdvice
2026-02-14T08:40:33.681+06:00 DEBUG 12880 --- [SFMS - Sustainable Farming Management System] [restartedMain] .m.m.a.ExceptionHandlerExceptionResolver : ControllerAdvice beans: 0 @ExceptionHandler, 1 ResponseBodyAdvice
2026-02-14T08:40:34.491+06:00  INFO 12880 --- [SFMS - Sustainable Farming Management System] [restartedMain] o.s.b.d.a.OptionalLiveReloadServer       : LiveReload server is running on port 35729
2026-02-14T08:40:34.693+06:00  INFO 12880 --- [SFMS - Sustainable Farming Management System] [restartedMain] o.s.b.w.embedded.tomcat.TomcatWebServer  : Tomcat started on port 8080 (http) with context path '/'
2026-02-14T08:40:34.743+06:00  INFO 12880 --- [SFMS - Sustainable Farming Management System] [restartedMain] com.JavaFest2024.xyz.XyzApplication      : Started XyzApplication in 21.865 seconds (process running for 36.241)
